// Jest Snapshot v1, https://goo.gl/fbAQLP

exports[`TodoList component Should render without throwing an error 1`] = `
<WithTheme(AkGrid)>
  <WithTheme(AkGridColumn)
    medium={4}
  >
    <ItemGroup
      role="group"
    >
      <Todo
        completed={false}
        key="0"
        onClick={[Function]}
        text="First Thing To Do"
      />
      <Todo
        completed={false}
        key="1"
        onClick={[Function]}
        text="Second Thing To Do"
      />
      <Todo
        completed={false}
        key="2"
        onClick={[Function]}
        text="Third Thing To Do"
      />
    </ItemGroup>
  </WithTheme(AkGridColumn)>
</WithTheme(AkGrid)>
`;
