// Jest Snapshot v1, https://goo.gl/fbAQLP

exports[`A Todo Component  It should render without throwing an error  1`] = `
<Item
  autoFocus={false}
  description=""
  isCompact={true}
  isDisabled={false}
  isHidden={false}
  onClick={[MockFunction]}
  role="button"
  shouldAllowMultiline={false}
  style={
    Object {
      "textDecoration": "none",
    }
  }
>
  To do
</Item>
`;
